[2025-12-03 18:11:18] Payload:
{
  "id": "evt_3SaQ8nEnzf0qIVvX1uluDBDR",
  "object": "event",
  "api_version": "2025-09-30.clover",
  "created": 1764807086,
  "data": {
    "object": {
      "id": "tr_3SaQ8nEnzf0qIVvX18ROLdOj",
      "object": "transfer",
      "amount": 10000,
      "amount_reversed": 0,
      "balance_transaction": "txn_3SaQ8nEnzf0qIVvX1r8KMDUP",
      "created": 1764807086,
      "currency": "mxn",
      "description": null,
      "destination": "acct_1SaKMgEnzfMOmEHR",
      "destination_payment": "py_1SaQ8oEnzfMOmEHR2j44TjW7",
      "livemode": false,
      "metadata": {},
      "reversals": {
        "object": "list",
        "data": [],
        "has_more": false,
        "total_count": 0,
        "url": "/v1/transfers/tr_3SaQ8nEnzf0qIVvX18ROLdOj/reversals"
      },
      "reversed": false,
      "source_transaction": "ch_3SaQ8nEnzf0qIVvX1tMTSSB9",
      "source_type": "card",
      "transfer_group": "group_pi_3SaQ8nEnzf0qIVvX1z7vgbTx"
    }
  },
  "livemode": false,
  "pending_webhooks": 2,
  "request": {
    "id": null,
    "idempotency_key": "4132e6c6-44db-40bc-8f5b-9e89c551571c"
  },
  "type": "transfer.created"
}
[2025-12-03 18:11:18] Payload:
{
  "id": "evt_3SaQ8nEnzf0qIVvX1KjcffUz",
  "object": "event",
  "api_version": "2025-09-30.clover",
  "created": 1764807086,
  "data": {
    "object": {
      "id": "ch_3SaQ8nEnzf0qIVvX1tMTSSB9",
      "object": "charge",
      "amount": 10000,
      "amount_captured": 10000,
      "amount_refunded": 0,
      "application": null,
      "application_fee": "fee_1SaQ8oEnzfMOmEHR5MbgLNLx",
      "application_fee_amount": 500,
      "balance_transaction": "txn_3SaQ8nEnzf0qIVvX1wswEcSy",
      "billing_details": {
        "address": {
          "city": null,
          "country": "MX",
          "line1": null,
          "line2": null,
          "postal_code": null,
          "state": null
        },
        "email": "g.a.j13@hotmail.com",
        "name": "Jonathan",
        "phone": null,
        "tax_id": null
      },
      "calculated_statement_descriptor": "ENTORNO DE PRUEBA DE D",
      "captured": true,
      "created": 1764807085,
      "currency": "mxn",
      "customer": null,
      "description": null,
      "destination": "acct_1SaKMgEnzfMOmEHR",
      "dispute": null,
      "disputed": false,
      "failure_balance_transaction": null,
      "failure_code": null,
      "failure_message": null,
      "fraud_details": {},
      "livemode": false,
      "metadata": {
        "ticket_id": "55"
      },
      "on_behalf_of": null,
      "order": null,
      "outcome": {
        "advice_code": null,
        "network_advice_code": null,
        "network_decline_code": null,
        "network_status": "approved_by_network",
        "reason": null,
        "risk_level": "normal",
        "risk_score": 49,
        "seller_message": "Payment complete.",
        "type": "authorized"
      },
      "paid": true,
      "payment_intent": "pi_3SaQ8nEnzf0qIVvX1z7vgbTx",
      "payment_method": "pm_1SaQ8mEnzf0qIVvXGFvFKH1C",
      "payment_method_details": {
        "card": {
          "amount_authorized": 10000,
          "authorization_code": "161981",
          "brand": "visa",
          "checks": {
            "address_line1_check": null,
            "address_postal_code_check": null,
            "cvc_check": "pass"
          },
          "country": "US",
          "exp_month": 3,
          "exp_year": 2027,
          "extended_authorization": {
            "status": "disabled"
          },
          "fingerprint": "bCf2Fa4Hxi3Nrvzw",
          "funding": "credit",
          "incremental_authorization": {
            "status": "unavailable"
          },
          "installments": null,
          "last4": "4242",
          "mandate": null,
          "multicapture": {
            "status": "unavailable"
          },
          "network": "visa",
          "network_token": {
            "used": false
          },
          "network_transaction_id": "986710250709752",
          "overcapture": {
            "maximum_amount_capturable": 10000,
            "status": "unavailable"
          },
          "regulated_status": "unregulated",
          "three_d_secure": null,
          "wallet": null
        },
        "type": "card"
      },
      "radar_options": {},
      "receipt_email": null,
      "receipt_number": null,
      "receipt_url": "https://pay.stripe.com/receipts/payment/CAcaFwoVYWNjdF8xU0czNmdFbnpmMHFJVnZYKK-jw8kGMgY2OOP_f7E6LBaszymz5bc_59Onj7hjyBe0vA43HGDvBwNyuMgb9_a00uMBqT1IOEqfrzCl",
      "refunded": false,
      "review": null,
      "shipping": null,
      "source": null,
      "source_transfer": null,
      "statement_descriptor": null,
      "statement_descriptor_suffix": null,
      "status": "succeeded",
      "transfer": "tr_3SaQ8nEnzf0qIVvX18ROLdOj",
      "transfer_data": {
        "amount": null,
        "destination": "acct_1SaKMgEnzfMOmEHR"
      },
      "transfer_group": "group_pi_3SaQ8nEnzf0qIVvX1z7vgbTx"
    }
  },
  "livemode": false,
  "pending_webhooks": 2,
  "request": {
    "id": null,
    "idempotency_key": "4132e6c6-44db-40bc-8f5b-9e89c551571c"
  },
  "type": "charge.succeeded"
}
[2025-12-03 18:11:18] Payload:
{
  "id": "evt_1SaQ8pEnzfMOmEHRRwWZoIdv",
  "object": "event",
  "account": "acct_1SaKMgEnzfMOmEHR",
  "api_version": "2025-09-30.clover",
  "context": "acct_1SaKMgEnzfMOmEHR",
  "created": 1764807086,
  "data": {
    "object": {
      "id": "py_1SaQ8oEnzfMOmEHR2j44TjW7",
      "object": "charge",
      "amount": 10000,
      "amount_captured": 10000,
      "amount_refunded": 0,
      "application": "ca_TCS4xyz9SjvSz9i8sea7izc4qepOuTkC",
      "application_fee": "fee_1SaQ8oEnzfMOmEHR5MbgLNLx",
      "application_fee_amount": 500,
      "balance_transaction": "txn_1SaQ8oEnzfMOmEHRLIuvqjGv",
      "billing_details": {
        "address": {
          "city": null,
          "country": null,
          "line1": null,
          "line2": null,
          "postal_code": null,
          "state": null
        },
        "email": null,
        "name": null,
        "phone": null,
        "tax_id": null
      },
      "calculated_statement_descriptor": null,
      "captured": true,
      "created": 1764807086,
      "currency": "mxn",
      "customer": null,
      "description": null,
      "destination": null,
      "dispute": null,
      "disputed": false,
      "failure_balance_transaction": null,
      "failure_code": null,
      "failure_message": null,
      "fraud_details": {},
      "livemode": false,
      "metadata": {},
      "on_behalf_of": null,
      "order": null,
      "outcome": null,
      "paid": true,
      "payment_intent": null,
      "payment_method": null,
      "payment_method_details": {
        "stripe_account": {},
        "type": "stripe_account"
      },
      "receipt_email": null,
      "receipt_number": null,
      "receipt_url": "https://pay.stripe.com/receipts/payment/CAcaFwoVYWNjdF8xU2FLTWdFbnpmTU9tRUhSKK-jw8kGMgbh-09uYlE6LBb_Nffzq88rqGG5QRjGELGI1hGdDgaS55kDudjK2Acd-DJfMxtfrbmy_utz",
      "refunded": false,
      "review": null,
      "shipping": null,
      "source": {
        "id": "acct_1SG36gEnzf0qIVvX",
        "object": "account",
        "application_name": "Entorno de prueba de Digital Enigma"
      },
      "source_transfer": "tr_3SaQ8nEnzf0qIVvX18ROLdOj",
      "statement_descriptor": null,
      "statement_descriptor_suffix": null,
      "status": "succeeded",
      "transfer_data": null,
      "transfer_group": null
    }
  },
  "livemode": false,
  "pending_webhooks": 2,
  "request": {
    "id": null,
    "idempotency_key": "4132e6c6-44db-40bc-8f5b-9e89c551571c"
  },
  "type": "payment.created"
}
[2025-12-03 18:11:18] Payload:
{
  "id": "evt_1SaQ8pEnzf0qIVvXck0t3g20",
  "object": "event",
  "api_version": "2025-09-30.clover",
  "created": 1764807087,
  "data": {
    "object": {
      "id": "cs_test_a1fYDhCgVrqCJ4NzHQjtBV9Gi4DLVZQhaPRIfv4eoPFRjMvo0EP5GAV7bT",
      "object": "checkout.session",
      "adaptive_pricing": {
        "enabled": true
      },
      "after_expiration": null,
      "allow_promotion_codes": null,
      "amount_subtotal": 10000,
      "amount_total": 10000,
      "automatic_tax": {
        "enabled": false,
        "liability": null,
        "provider": null,
        "status": null
      },
      "billing_address_collection": null,
      "branding_settings": {
        "background_color": "#ffffff",
        "border_style": "rounded",
        "button_color": "#0074d4",
        "display_name": "Entorno de prueba de Digital Enigma",
        "font_family": "default",
        "icon": null,
        "logo": null
      },
      "cancel_url": "http://localhost/tea/tea/Views/stripe-sales-cancel.php?ticket_id=55",
      "client_reference_id": "55",
      "client_secret": null,
      "collected_information": null,
      "consent": null,
      "consent_collection": null,
      "created": 1764807072,
      "currency": "mxn",
      "currency_conversion": null,
      "custom_fields": [],
      "custom_text": {
        "after_submit": null,
        "shipping_address": null,
        "submit": null,
        "terms_of_service_acceptance": null
      },
      "customer": null,
      "customer_account": null,
      "customer_creation": "if_required",
      "customer_details": {
        "address": {
          "city": null,
          "country": "MX",
          "line1": null,
          "line2": null,
          "postal_code": null,
          "state": null
        },
        "business_name": null,
        "email": "g.a.j13@hotmail.com",
        "individual_name": null,
        "name": "Jonathan",
        "phone": null,
        "tax_exempt": "none",
        "tax_ids": []
      },
      "customer_email": null,
      "discounts": [],
      "expires_at": 1764893471,
      "invoice": null,
      "invoice_creation": {
        "enabled": false,
        "invoice_data": {
          "account_tax_ids": null,
          "custom_fields": null,
          "description": null,
          "footer": null,
          "issuer": null,
          "metadata": {},
          "rendering_options": null
        }
      },
      "livemode": false,
      "locale": null,
      "metadata": {
        "ticket_id": "55"
      },
      "mode": "payment",
      "origin_context": null,
      "payment_intent": "pi_3SaQ8nEnzf0qIVvX1z7vgbTx",
      "payment_link": null,
      "payment_method_collection": "if_required",
      "payment_method_configuration_details": {
        "id": "pmc_1SG37FEnzf0qIVvXP97C9wcB",
        "parent": null
      },
      "payment_method_options": {
        "card": {
          "installments": {
            "enabled": false
          },
          "request_three_d_secure": "automatic"
        }
      },
      "payment_method_types": [
        "card",
        "link"
      ],
      "payment_status": "paid",
      "permissions": null,
      "phone_number_collection": {
        "enabled": false
      },
      "recovered_from": null,
      "saved_payment_method_options": null,
      "setup_intent": null,
      "shipping_address_collection": null,
      "shipping_cost": null,
      "shipping_options": [],
      "status": "complete",
      "submit_type": null,
      "subscription": null,
      "success_url": "http://localhost/tea/tea/Views/stripe-sales-success.php?session_id={CHECKOUT_SESSION_ID}\u0026ticket_id=55",
      "total_details": {
        "amount_discount": 0,
        "amount_shipping": 0,
        "amount_tax": 0
      },
      "ui_mode": "hosted",
      "url": null,
      "wallet_options": null
    }
  },
  "livemode": false,
  "pending_webhooks": 2,
  "request": {
    "id": null,
    "idempotency_key": null
  },
  "type": "checkout.session.completed"
}
[2025-12-03 18:11:18] Payload:
{
  "id": "evt_3SaQ8nEnzf0qIVvX10I4JFUi",
  "object": "event",
  "api_version": "2025-09-30.clover",
  "created": 1764807085,
  "data": {
    "object": {
      "id": "pi_3SaQ8nEnzf0qIVvX1z7vgbTx",
      "object": "payment_intent",
      "amount": 10000,
      "amount_capturable": 0,
      "amount_details": {
        "tip": {}
      },
      "amount_received": 0,
      "application": null,
      "application_fee_amount": 500,
      "automatic_payment_methods": null,
      "canceled_at": null,
      "cancellation_reason": null,
      "capture_method": "automatic",
      "client_secret": "pi_3SaQ8nEnzf0qIVvX1z7vgbTx_secret_dkHhkcG9O7CKC4j9ETl3xEmOn",
      "confirmation_method": "automatic",
      "created": 1764807085,
      "currency": "mxn",
      "customer": null,
      "customer_account": null,
      "description": null,
      "excluded_payment_method_types": null,
      "last_payment_error": null,
      "latest_charge": null,
      "livemode": false,
      "metadata": {
        "ticket_id": "55"
      },
      "next_action": null,
      "on_behalf_of": null,
      "payment_method": null,
      "payment_method_configuration_details": null,
      "payment_method_options": {
        "card": {
          "installments": {
            "available_plans": [],
            "enabled": false,
            "plan": null
          },
          "mandate_options": null,
          "network": null,
          "request_three_d_secure": "automatic"
        }
      },
      "payment_method_types": [
        "card"
      ],
      "processing": null,
      "receipt_email": null,
      "review": null,
      "setup_future_usage": null,
      "shipping": null,
      "source": null,
      "statement_descriptor": null,
      "statement_descriptor_suffix": null,
      "status": "requires_payment_method",
      "transfer_data": {
        "destination": "acct_1SaKMgEnzfMOmEHR"
      },
      "transfer_group": null
    }
  },
  "livemode": false,
  "pending_webhooks": 2,
  "request": {
    "id": null,
    "idempotency_key": "4132e6c6-44db-40bc-8f5b-9e89c551571c"
  },
  "type": "payment_intent.created"
}
[2025-12-03 18:11:18] Payload:
{
  "id": "evt_3SaQ8nEnzf0qIVvX1h9juDaT",
  "object": "event",
  "api_version": "2025-09-30.clover",
  "created": 1764807086,
  "data": {
    "object": {
      "id": "pi_3SaQ8nEnzf0qIVvX1z7vgbTx",
      "object": "payment_intent",
      "amount": 10000,
      "amount_capturable": 0,
      "amount_details": {
        "shipping": {
          "amount": 0,
          "from_postal_code": null,
          "to_postal_code": null
        },
        "tax": {
          "total_tax_amount": 0
        },
        "tip": {}
      },
      "amount_received": 10000,
      "application": null,
      "application_fee_amount": 500,
      "automatic_payment_methods": null,
      "canceled_at": null,
      "cancellation_reason": null,
      "capture_method": "automatic",
      "client_secret": "pi_3SaQ8nEnzf0qIVvX1z7vgbTx_secret_dkHhkcG9O7CKC4j9ETl3xEmOn",
      "confirmation_method": "automatic",
      "created": 1764807085,
      "currency": "mxn",
      "customer": null,
      "customer_account": null,
      "description": null,
      "excluded_payment_method_types": null,
      "last_payment_error": null,
      "latest_charge": "ch_3SaQ8nEnzf0qIVvX1tMTSSB9",
      "livemode": false,
      "metadata": {
        "ticket_id": "55"
      },
      "next_action": null,
      "on_behalf_of": null,
      "payment_details": {
        "customer_reference": null,
        "order_reference": "prod_TXV8qD6lPu56o0"
      },
      "payment_method": "pm_1SaQ8mEnzf0qIVvXGFvFKH1C",
      "payment_method_configuration_details": null,
      "payment_method_options": {
        "card": {
          "installments": {
            "available_plans": [],
            "enabled": false,
            "plan": null
          },
          "mandate_options": null,
          "network": null,
          "request_three_d_secure": "automatic"
        }
      },
      "payment_method_types": [
        "card"
      ],
      "processing": null,
      "receipt_email": null,
      "review": null,
      "setup_future_usage": null,
      "shipping": null,
      "source": null,
      "statement_descriptor": null,
      "statement_descriptor_suffix": null,
      "status": "succeeded",
      "transfer_data": {
        "destination": "acct_1SaKMgEnzfMOmEHR"
      },
      "transfer_group": "group_pi_3SaQ8nEnzf0qIVvX1z7vgbTx"
    }
  },
  "livemode": false,
  "pending_webhooks": 2,
  "request": {
    "id": null,
    "idempotency_key": "4132e6c6-44db-40bc-8f5b-9e89c551571c"
  },
  "type": "payment_intent.succeeded"
}
[2025-12-03 18:11:19] Payload:
{
  "id": "evt_1SaQ8qEnzf0qIVvXyDXgDN1w",
  "object": "event",
  "api_version": "2025-09-30.clover",
  "created": 1764807088,
  "data": {
    "object": {
      "id": "fee_1SaQ8oEnzfMOmEHR5MbgLNLx",
      "object": "application_fee",
      "account": "acct_1SaKMgEnzfMOmEHR",
      "amount": 500,
      "amount_refunded": 0,
      "application": "ca_TCS4xyz9SjvSz9i8sea7izc4qepOuTkC",
      "balance_transaction": "txn_1SaQ8qEnzf0qIVvXoAJzxU6n",
      "charge": "py_1SaQ8oEnzfMOmEHR2j44TjW7",
      "created": 1764807086,
      "currency": "mxn",
      "fee_source": {
        "charge": "py_1SaQ8oEnzfMOmEHR2j44TjW7",
        "type": "charge"
      },
      "livemode": false,
      "originating_transaction": "ch_3SaQ8nEnzf0qIVvX1tMTSSB9",
      "refunded": false,
      "refunds": {
        "object": "list",
        "data": [],
        "has_more": false,
        "total_count": 0,
        "url": "/v1/application_fees/fee_1SaQ8oEnzfMOmEHR5MbgLNLx/refunds"
      }
    },
    "previous_attributes": {}
  },
  "livemode": false,
  "pending_webhooks": 2,
  "request": {
    "id": null,
    "idempotency_key": null
  },
  "type": "application_fee.created"
}
[2025-12-03 18:24:00] Payload:
{
  "id": "evt_3SaQL5Enzf0qIVvX0Ey1h6fy",
  "object": "event",
  "api_version": "2025-09-30.clover",
  "created": 1764807849,
  "data": {
    "object": {
      "id": "tr_3SaQL5Enzf0qIVvX0p5c9HrD",
      "object": "transfer",
      "amount": 7500,
      "amount_reversed": 0,
      "balance_transaction": "txn_3SaQL5Enzf0qIVvX0FLOB0Vs",
      "created": 1764807848,
      "currency": "mxn",
      "description": null,
      "destination": "acct_1SaKMgEnzfMOmEHR",
      "destination_payment": "py_1SaQL6EnzfMOmEHRFPJvf5a7",
      "livemode": false,
      "metadata": {},
      "reversals": {
        "object": "list",
        "data": [],
        "has_more": false,
        "total_count": 0,
        "url": "/v1/transfers/tr_3SaQL5Enzf0qIVvX0p5c9HrD/reversals"
      },
      "reversed": false,
      "source_transaction": "ch_3SaQL5Enzf0qIVvX0jo5LTvs",
      "source_type": "card",
      "transfer_group": "group_pi_3SaQL5Enzf0qIVvX0niRzGOC"
    }
  },
  "livemode": false,
  "pending_webhooks": 2,
  "request": {
    "id": null,
    "idempotency_key": "2878fdbd-94e9-4c76-817b-69fc30723ef6"
  },
  "type": "transfer.created"
}
[2025-12-03 18:24:00] Payload:
{
  "id": "evt_3SaQL5Enzf0qIVvX0lHicnIS",
  "object": "event",
  "api_version": "2025-09-30.clover",
  "created": 1764807849,
  "data": {
    "object": {
      "id": "ch_3SaQL5Enzf0qIVvX0jo5LTvs",
      "object": "charge",
      "amount": 7500,
      "amount_captured": 7500,
      "amount_refunded": 0,
      "application": null,
      "application_fee": "fee_1SaQL7EnzfMOmEHR6RTrv91c",
      "application_fee_amount": 375,
      "balance_transaction": "txn_3SaQL5Enzf0qIVvX07JmPNfh",
      "billing_details": {
        "address": {
          "city": null,
          "country": "MX",
          "line1": null,
          "line2": null,
          "postal_code": null,
          "state": null
        },
        "email": "g.a.j13@hotmail.com",
        "name": "Jonathan",
        "phone": null,
        "tax_id": null
      },
      "calculated_statement_descriptor": "ENTORNO DE PRUEBA DE D",
      "captured": true,
      "created": 1764807848,
      "currency": "mxn",
      "customer": null,
      "description": null,
      "destination": "acct_1SaKMgEnzfMOmEHR",
      "dispute": null,
      "disputed": false,
      "failure_balance_transaction": null,
      "failure_code": null,
      "failure_message": null,
      "fraud_details": {},
      "livemode": false,
      "metadata": {
        "ticket_id": "56"
      },
      "on_behalf_of": null,
      "order": null,
      "outcome": {
        "advice_code": null,
        "network_advice_code": null,
        "network_decline_code": null,
        "network_status": "approved_by_network",
        "reason": null,
        "risk_level": "normal",
        "risk_score": 12,
        "seller_message": "Payment complete.",
        "type": "authorized"
      },
      "paid": true,
      "payment_intent": "pi_3SaQL5Enzf0qIVvX0niRzGOC",
      "payment_method": "pm_1SaQL5Enzf0qIVvXDkDHWWDS",
      "payment_method_details": {
        "card": {
          "amount_authorized": 7500,
          "authorization_code": "931066",
          "brand": "visa",
          "checks": {
            "address_line1_check": null,
            "address_postal_code_check": null,
            "cvc_check": "pass"
          },
          "country": "US",
          "exp_month": 4,
          "exp_year": 2027,
          "extended_authorization": {
            "status": "disabled"
          },
          "fingerprint": "bCf2Fa4Hxi3Nrvzw",
          "funding": "credit",
          "incremental_authorization": {
            "status": "unavailable"
          },
          "installments": null,
          "last4": "4242",
          "mandate": null,
          "multicapture": {
            "status": "unavailable"
          },
          "network": "visa",
          "network_token": {
            "used": false
          },
          "network_transaction_id": "986710250709752",
          "overcapture": {
            "maximum_amount_capturable": 7500,
            "status": "unavailable"
          },
          "regulated_status": "unregulated",
          "three_d_secure": null,
          "wallet": null
        },
        "type": "card"
      },
      "radar_options": {},
      "receipt_email": null,
      "receipt_number": null,
      "receipt_url": "https://pay.stripe.com/receipts/payment/CAcaFwoVYWNjdF8xU0czNmdFbnpmMHFJVnZYKKqpw8kGMgakEcI8tEs6LBYrk5lLHubHkS5Bi2StQqwZiYF47JxK_1oNR_Z7m9ROCiX6S3PluwG8-tkQ",
      "refunded": false,
      "review": null,
      "shipping": null,
      "source": null,
      "source_transfer": null,
      "statement_descriptor": null,
      "statement_descriptor_suffix": null,
      "status": "succeeded",
      "transfer": "tr_3SaQL5Enzf0qIVvX0p5c9HrD",
      "transfer_data": {
        "amount": null,
        "destination": "acct_1SaKMgEnzfMOmEHR"
      },
      "transfer_group": "group_pi_3SaQL5Enzf0qIVvX0niRzGOC"
    }
  },
  "livemode": false,
  "pending_webhooks": 2,
  "request": {
    "id": null,
    "idempotency_key": "2878fdbd-94e9-4c76-817b-69fc30723ef6"
  },
  "type": "charge.succeeded"
}
[2025-12-03 18:24:01] Payload:
{
  "id": "evt_1SaQL8Enzf0qIVvXEFOrqTOu",
  "object": "event",
  "api_version": "2025-09-30.clover",
  "created": 1764807849,
  "data": {
    "object": {
      "id": "cs_test_a1EiBkytqWu4fKoky6eAkOMmmIHxXztqVOqLPr7uDcknCyMxK0SwyeP1HM",
      "object": "checkout.session",
      "adaptive_pricing": {
        "enabled": true
      },
      "after_expiration": null,
      "allow_promotion_codes": null,
      "amount_subtotal": 7500,
      "amount_total": 7500,
      "automatic_tax": {
        "enabled": false,
        "liability": null,
        "provider": null,
        "status": null
      },
      "billing_address_collection": null,
      "branding_settings": {
        "background_color": "#ffffff",
        "border_style": "rounded",
        "button_color": "#0074d4",
        "display_name": "Entorno de prueba de Digital Enigma",
        "font_family": "default",
        "icon": null,
        "logo": null
      },
      "cancel_url": "http://localhost/tea/tea/Views/stripe-sales-cancel.php?ticket_id=56",
      "client_reference_id": "56",
      "client_secret": null,
      "collected_information": null,
      "consent": null,
      "consent_collection": null,
      "created": 1764807833,
      "currency": "mxn",
      "currency_conversion": null,
      "custom_fields": [],
      "custom_text": {
        "after_submit": null,
        "shipping_address": null,
        "submit": null,
        "terms_of_service_acceptance": null
      },
      "customer": null,
      "customer_account": null,
      "customer_creation": "if_required",
      "customer_details": {
        "address": {
          "city": null,
          "country": "MX",
          "line1": null,
          "line2": null,
          "postal_code": null,
          "state": null
        },
        "business_name": null,
        "email": "g.a.j13@hotmail.com",
        "individual_name": null,
        "name": "Jonathan",
        "phone": null,
        "tax_exempt": "none",
        "tax_ids": []
      },
      "customer_email": null,
      "discounts": [],
      "expires_at": 1764894233,
      "invoice": null,
      "invoice_creation": {
        "enabled": false,
        "invoice_data": {
          "account_tax_ids": null,
          "custom_fields": null,
          "description": null,
          "footer": null,
          "issuer": null,
          "metadata": {},
          "rendering_options": null
        }
      },
      "livemode": false,
      "locale": null,
      "metadata": {
        "ticket_id": "56"
      },
      "mode": "payment",
      "origin_context": null,
      "payment_intent": "pi_3SaQL5Enzf0qIVvX0niRzGOC",
      "payment_link": null,
      "payment_method_collection": "if_required",
      "payment_method_configuration_details": {
        "id": "pmc_1SG37FEnzf0qIVvXP97C9wcB",
        "parent": null
      },
      "payment_method_options": {
        "card": {
          "installments": {
            "enabled": false
          },
          "request_three_d_secure": "automatic"
        }
      },
      "payment_method_types": [
        "card",
        "link"
      ],
      "payment_status": "paid",
      "permissions": null,
      "phone_number_collection": {
        "enabled": false
      },
      "recovered_from": null,
      "saved_payment_method_options": null,
      "setup_intent": null,
      "shipping_address_collection": null,
      "shipping_cost": null,
      "shipping_options": [],
      "status": "complete",
      "submit_type": null,
      "subscription": null,
      "success_url": "http://localhost/tea/tea/Views/stripe-sales-success.php?session_id={CHECKOUT_SESSION_ID}\u0026ticket_id=56",
      "total_details": {
        "amount_discount": 0,
        "amount_shipping": 0,
        "amount_tax": 0
      },
      "ui_mode": "hosted",
      "url": null,
      "wallet_options": null
    }
  },
  "livemode": false,
  "pending_webhooks": 2,
  "request": {
    "id": null,
    "idempotency_key": null
  },
  "type": "checkout.session.completed"
}
[2025-12-03 18:24:01] Payload:
{
  "id": "evt_1SaQL8EnzfMOmEHRgLnMEDJ8",
  "object": "event",
  "account": "acct_1SaKMgEnzfMOmEHR",
  "api_version": "2025-09-30.clover",
  "context": "acct_1SaKMgEnzfMOmEHR",
  "created": 1764807849,
  "data": {
    "object": {
      "id": "py_1SaQL6EnzfMOmEHRFPJvf5a7",
      "object": "charge",
      "amount": 7500,
      "amount_captured": 7500,
      "amount_refunded": 0,
      "application": "ca_TCS4xyz9SjvSz9i8sea7izc4qepOuTkC",
      "application_fee": "fee_1SaQL7EnzfMOmEHR6RTrv91c",
      "application_fee_amount": 375,
      "balance_transaction": "txn_1SaQL7EnzfMOmEHRLKOz2cJY",
      "billing_details": {
        "address": {
          "city": null,
          "country": null,
          "line1": null,
          "line2": null,
          "postal_code": null,
          "state": null
        },
        "email": null,
        "name": null,
        "phone": null,
        "tax_id": null
      },
      "calculated_statement_descriptor": null,
      "captured": true,
      "created": 1764807849,
      "currency": "mxn",
      "customer": null,
      "description": null,
      "destination": null,
      "dispute": null,
      "disputed": false,
      "failure_balance_transaction": null,
      "failure_code": null,
      "failure_message": null,
      "fraud_details": {},
      "livemode": false,
      "metadata": {},
      "on_behalf_of": null,
      "order": null,
      "outcome": null,
      "paid": true,
      "payment_intent": null,
      "payment_method": null,
      "payment_method_details": {
        "stripe_account": {},
        "type": "stripe_account"
      },
      "receipt_email": null,
      "receipt_number": null,
      "receipt_url": "https://pay.stripe.com/receipts/payment/CAcaFwoVYWNjdF8xU2FLTWdFbnpmTU9tRUhSKKqpw8kGMgZ_-H-si806LBasCNGifDrDLKCx0fG70RM6o0GbZ3r6QXkTebc62gpaGocKPct2zFxmtSP3",
      "refunded": false,
      "review": null,
      "shipping": null,
      "source": {
        "id": "acct_1SG36gEnzf0qIVvX",
        "object": "account",
        "application_name": "Entorno de prueba de Digital Enigma"
      },
      "source_transfer": "tr_3SaQL5Enzf0qIVvX0p5c9HrD",
      "statement_descriptor": null,
      "statement_descriptor_suffix": null,
      "status": "succeeded",
      "transfer_data": null,
      "transfer_group": null
    }
  },
  "livemode": false,
  "pending_webhooks": 2,
  "request": {
    "id": null,
    "idempotency_key": "2878fdbd-94e9-4c76-817b-69fc30723ef6"
  },
  "type": "payment.created"
}
[2025-12-03 18:24:01] Payload:
{
  "id": "evt_3SaQL5Enzf0qIVvX0MRVa5aS",
  "object": "event",
  "api_version": "2025-09-30.clover",
  "created": 1764807849,
  "data": {
    "object": {
      "id": "pi_3SaQL5Enzf0qIVvX0niRzGOC",
      "object": "payment_intent",
      "amount": 7500,
      "amount_capturable": 0,
      "amount_details": {
        "shipping": {
          "amount": 0,
          "from_postal_code": null,
          "to_postal_code": null
        },
        "tax": {
          "total_tax_amount": 0
        },
        "tip": {}
      },
      "amount_received": 7500,
      "application": null,
      "application_fee_amount": 375,
      "automatic_payment_methods": null,
      "canceled_at": null,
      "cancellation_reason": null,
      "capture_method": "automatic",
      "client_secret": "pi_3SaQL5Enzf0qIVvX0niRzGOC_secret_AXIAkn6PqfU6RwX8ttVdthE24",
      "confirmation_method": "automatic",
      "created": 1764807847,
      "currency": "mxn",
      "customer": null,
      "customer_account": null,
      "description": null,
      "excluded_payment_method_types": null,
      "last_payment_error": null,
      "latest_charge": "ch_3SaQL5Enzf0qIVvX0jo5LTvs",
      "livemode": false,
      "metadata": {
        "ticket_id": "56"
      },
      "next_action": null,
      "on_behalf_of": null,
      "payment_details": {
        "customer_reference": null,
        "order_reference": "prod_TXVLxk0by6Crir"
      },
      "payment_method": "pm_1SaQL5Enzf0qIVvXDkDHWWDS",
      "payment_method_configuration_details": null,
      "payment_method_options": {
        "card": {
          "installments": {
            "available_plans": [],
            "enabled": false,
            "plan": null
          },
          "mandate_options": null,
          "network": null,
          "request_three_d_secure": "automatic"
        }
      },
      "payment_method_types": [
        "card"
      ],
      "processing": null,
      "receipt_email": null,
      "review": null,
      "setup_future_usage": null,
      "shipping": null,
      "source": null,
      "statement_descriptor": null,
      "statement_descriptor_suffix": null,
      "status": "succeeded",
      "transfer_data": {
        "destination": "acct_1SaKMgEnzfMOmEHR"
      },
      "transfer_group": "group_pi_3SaQL5Enzf0qIVvX0niRzGOC"
    }
  },
  "livemode": false,
  "pending_webhooks": 2,
  "request": {
    "id": null,
    "idempotency_key": "2878fdbd-94e9-4c76-817b-69fc30723ef6"
  },
  "type": "payment_intent.succeeded"
}
[2025-12-03 18:24:01] Payload:
{
  "id": "evt_3SaQL5Enzf0qIVvX0NFUiHqv",
  "object": "event",
  "api_version": "2025-09-30.clover",
  "created": 1764807848,
  "data": {
    "object": {
      "id": "pi_3SaQL5Enzf0qIVvX0niRzGOC",
      "object": "payment_intent",
      "amount": 7500,
      "amount_capturable": 0,
      "amount_details": {
        "tip": {}
      },
      "amount_received": 0,
      "application": null,
      "application_fee_amount": 375,
      "automatic_payment_methods": null,
      "canceled_at": null,
      "cancellation_reason": null,
      "capture_method": "automatic",
      "client_secret": "pi_3SaQL5Enzf0qIVvX0niRzGOC_secret_AXIAkn6PqfU6RwX8ttVdthE24",
      "confirmation_method": "automatic",
      "created": 1764807847,
      "currency": "mxn",
      "customer": null,
      "customer_account": null,
      "description": null,
      "excluded_payment_method_types": null,
      "last_payment_error": null,
      "latest_charge": null,
      "livemode": false,
      "metadata": {
        "ticket_id": "56"
      },
      "next_action": null,
      "on_behalf_of": null,
      "payment_method": null,
      "payment_method_configuration_details": null,
      "payment_method_options": {
        "card": {
          "installments": {
            "available_plans": [],
            "enabled": false,
            "plan": null
          },
          "mandate_options": null,
          "network": null,
          "request_three_d_secure": "automatic"
        }
      },
      "payment_method_types": [
        "card"
      ],
      "processing": null,
      "receipt_email": null,
      "review": null,
      "setup_future_usage": null,
      "shipping": null,
      "source": null,
      "statement_descriptor": null,
      "statement_descriptor_suffix": null,
      "status": "requires_payment_method",
      "transfer_data": {
        "destination": "acct_1SaKMgEnzfMOmEHR"
      },
      "transfer_group": null
    }
  },
  "livemode": false,
  "pending_webhooks": 2,
  "request": {
    "id": null,
    "idempotency_key": "2878fdbd-94e9-4c76-817b-69fc30723ef6"
  },
  "type": "payment_intent.created"
}
[2025-12-03 18:24:02] Payload:
{
  "id": "evt_1SaQL9Enzf0qIVvX9dZSCt4t",
  "object": "event",
  "api_version": "2025-09-30.clover",
  "created": 1764807851,
  "data": {
    "object": {
      "id": "fee_1SaQL7EnzfMOmEHR6RTrv91c",
      "object": "application_fee",
      "account": "acct_1SaKMgEnzfMOmEHR",
      "amount": 375,
      "amount_refunded": 0,
      "application": "ca_TCS4xyz9SjvSz9i8sea7izc4qepOuTkC",
      "balance_transaction": "txn_1SaQL9Enzf0qIVvXPidg1FaK",
      "charge": "py_1SaQL6EnzfMOmEHRFPJvf5a7",
      "created": 1764807849,
      "currency": "mxn",
      "fee_source": {
        "charge": "py_1SaQL6EnzfMOmEHRFPJvf5a7",
        "type": "charge"
      },
      "livemode": false,
      "originating_transaction": "ch_3SaQL5Enzf0qIVvX0jo5LTvs",
      "refunded": false,
      "refunds": {
        "object": "list",
        "data": [],
        "has_more": false,
        "total_count": 0,
        "url": "/v1/application_fees/fee_1SaQL7EnzfMOmEHR6RTrv91c/refunds"
      }
    },
    "previous_attributes": {}
  },
  "livemode": false,
  "pending_webhooks": 2,
  "request": {
    "id": null,
    "idempotency_key": null
  },
  "type": "application_fee.created"
}
